// Jest Snapshot v1, https://goo.gl/fbAQLP

exports[`SearchBar SearchBar Renders 1`] = `
ShallowWrapper {
  "complexSelector": ComplexSelector {
    "buildPredicate": [Function],
    "childrenOfNode": [Function],
    "findWhereUnwrapped": [Function],
  },
  "length": 1,
  "node": <Menu
    className="navSearch"
    inverted={true}
>
    <MenuItem
        className="title"
    >
        Daniel's YouTube Clone 
        <Icon
            as="i"
            className="youtube"
            size="large"
        />
    </MenuItem>
    <MenuItem>
        <a
            href="https://github.com/danielmarcgardner/daniels-youtube-clone"
        >
            Checkout The Code 
            <Icon
                as="i"
                className="github"
                size="large"
            />
        </a>
    </MenuItem>
    <MenuItem
        position="right"
    >
        <Input
            className="searchField"
            onChange={[Function]}
            placeholder="Search for your favorite videos here..."
            type="text"
        />
        <Button
            as="button"
            className="searchButton"
            color="red"
            onClick={[Function]}
        >
            Search!
        </Button>
    </MenuItem>
</Menu>,
  "nodes": Array [
    <Menu
      className="navSearch"
      inverted={true}
>
      <MenuItem
            className="title"
      >
            Daniel's YouTube Clone 
            <Icon
                  as="i"
                  className="youtube"
                  size="large"
            />
      </MenuItem>
      <MenuItem>
            <a
                  href="https://github.com/danielmarcgardner/daniels-youtube-clone"
            >
                  Checkout The Code 
                  <Icon
                        as="i"
                        className="github"
                        size="large"
                  />
            </a>
      </MenuItem>
      <MenuItem
            position="right"
      >
            <Input
                  className="searchField"
                  onChange={[Function]}
                  placeholder="Search for your favorite videos here..."
                  type="text"
            />
            <Button
                  as="button"
                  className="searchButton"
                  color="red"
                  onClick={[Function]}
            >
                  Search!
            </Button>
      </MenuItem>
</Menu>,
  ],
  "options": Object {},
  "renderer": ReactShallowRenderer {
    "_instance": ShallowComponentWrapper {
      "_calledComponentWillUnmount": false,
      "_compositeType": 2,
      "_context": Object {},
      "_currentElement": <SearchBar />,
      "_debugID": 1,
      "_hostContainerInfo": null,
      "_hostParent": null,
      "_instance": StatelessComponent {
        "_reactInternalInstance": [Circular],
        "context": Object {},
        "props": Object {},
        "refs": Object {},
        "state": null,
        "updater": Object {
          "enqueueCallback": [Function],
          "enqueueCallbackInternal": [Function],
          "enqueueElementInternal": [Function],
          "enqueueForceUpdate": [Function],
          "enqueueReplaceState": [Function],
          "enqueueSetState": [Function],
          "isMounted": [Function],
          "validateCallback": [Function],
        },
      },
      "_mountOrder": 1,
      "_pendingCallbacks": null,
      "_pendingElement": null,
      "_pendingForceUpdate": false,
      "_pendingReplaceState": false,
      "_pendingStateQueue": null,
      "_renderedComponent": NoopInternalComponent {
        "_currentElement": <Menu
          className="navSearch"
          inverted={true}
>
          <MenuItem
                    className="title"
          >
                    Daniel's YouTube Clone 
                    <Icon
                              as="i"
                              className="youtube"
                              size="large"
                    />
          </MenuItem>
          <MenuItem>
                    <a
                              href="https://github.com/danielmarcgardner/daniels-youtube-clone"
                    >
                              Checkout The Code 
                              <Icon
                                        as="i"
                                        className="github"
                                        size="large"
                              />
                    </a>
          </MenuItem>
          <MenuItem
                    position="right"
          >
                    <Input
                              className="searchField"
                              onChange={[Function]}
                              placeholder="Search for your favorite videos here..."
                              type="text"
                    />
                    <Button
                              as="button"
                              className="searchButton"
                              color="red"
                              onClick={[Function]}
                    >
                              Search!
                    </Button>
          </MenuItem>
</Menu>,
        "_debugID": 2,
        "_renderedOutput": <Menu
          className="navSearch"
          inverted={true}
>
          <MenuItem
                    className="title"
          >
                    Daniel's YouTube Clone 
                    <Icon
                              as="i"
                              className="youtube"
                              size="large"
                    />
          </MenuItem>
          <MenuItem>
                    <a
                              href="https://github.com/danielmarcgardner/daniels-youtube-clone"
                    >
                              Checkout The Code 
                              <Icon
                                        as="i"
                                        className="github"
                                        size="large"
                              />
                    </a>
          </MenuItem>
          <MenuItem
                    position="right"
          >
                    <Input
                              className="searchField"
                              onChange={[Function]}
                              placeholder="Search for your favorite videos here..."
                              type="text"
                    />
                    <Button
                              as="button"
                              className="searchButton"
                              color="red"
                              onClick={[Function]}
                    >
                              Search!
                    </Button>
          </MenuItem>
</Menu>,
      },
      "_renderedNodeType": 1,
      "_rootNodeID": 0,
      "_topLevelWrapper": null,
      "_updateBatchNumber": null,
      "_warnedAboutRefsInRender": false,
    },
    "getRenderOutput": [Function],
    "render": [Function],
  },
  "root": [Circular],
  "unrendered": <SearchBar />,
}
`;
